|-------------|----|
| ipCidrRange | cc |
|-------------|----|
| 10.0.1.0/24 |  5 |
|-------------|----|
| 10.0.0.0/24 |  5 |
|-------------|----|
