name,json_rendition,sizeGb,creationTimestamp
demo-disk-qq1,"[4,5,{""f"":7}]",10,2021-02-20T15:25:45.892-08:00
demo-disk-qq2,"[4,5,{""f"":7}]",10,2021-02-20T16:00:01.646-08:00
demo-disk-xx2,"[4,5,{""f"":7}]",10,2021-03-29T04:25:38.809-07:00
demo-disk-xx3,"[4,5,{""f"":7}]",20,2021-03-29T04:25:38.810-07:00
demo-disk-xx4,"[4,5,{""f"":7}]",30,2021-03-29T04:25:38.811-07:00
demo-disk-xx5,"[4,5,{""f"":7}]",40,2021-03-29T04:25:38.812-07:00
